USER@DESKTOP-D3OT7N0 MINGW64 ~/Desktop/project
$ echo "# Hermes" >> README.md

USER@DESKTOP-D3OT7N0 MINGW64 ~/Desktop/project
$ echo "hello word" >> test.txt

USER@DESKTOP-D3OT7N0 MINGW64 ~/Desktop/project
$ git init
Initialized empty Git repository in C:/Users/USER/Desktop/project/.git/

USER@DESKTOP-D3OT7N0 MINGW64 ~/Desktop/project (master)
$ git add README.md
warning: LF will be replaced by CRLF in README.md.
The file will have its original line endings in your working directory

USER@DESKTOP-D3OT7N0 MINGW64 ~/Desktop/project (master)
$ git commit -m "first commit"
[master (root-commit) da2f403] first commit
 1 file changed, 1 insertion(+)
 create mode 100644 README.md

USER@DESKTOP-D3OT7N0 MINGW64 ~/Desktop/project (master)
$ git branch -M main

USER@DESKTOP-D3OT7N0 MINGW64 ~/Desktop/project (main)
$ git remote add origin https://github.com/sukachoi/Hermes.git

USER@DESKTOP-D3OT7N0 MINGW64 ~/Desktop/project (main)
$ git push -u origin main
Enumerating objects: 3, done.
Counting objects: 100% (3/3), done.
Writing objects: 100% (3/3), 215 bytes | 215.00 KiB/s, done.
Total 3 (delta 0), reused 0 (delta 0), pack-reused 0
To https://github.com/sukachoi/Hermes.git
 * [new branch]      main -> main
Branch 'main' set up to track remote branch 'main' from 'origin'.

USER@DESKTOP-D3OT7N0 MINGW64 ~/Desktop/project (main)
$ git add .

USER@DESKTOP-D3OT7N0 MINGW64 ~/Desktop/project (main)
$ git commit -m "create dir"
On branch main
Your branch is up to date with 'origin/main'.

nothing to commit, working tree clean

USER@DESKTOP-D3OT7N0 MINGW64 ~/Desktop/project (main)
$ git push
Everything up-to-date

USER@DESKTOP-D3OT7N0 MINGW64 ~/Desktop/project (main)
$
